


78K0R Linker V1.80                            Date: 2 Mar 2018 Page:   1

Command:   -yC:\Program Files (x86)\Renesas Electronics\CS+\CACX\Device\
           RL78\Devicefile -_msgoff -oDefaultBuild\Controller-Lux.lmf -g
           i00000000000000000000h -go04h,7E00h,0 -gb0EFFFE8H -mi0 -s -pD
           efaultBuild\Controller-Lux.map C:\Program Files (x86)\Renesas
            Electronics\CS+\CACX\CA78K0R\V1.72\lib78k0r\s0rll.rel Defaul
           tBuild\r_main.rel DefaultBuild\r_systeminit.rel DefaultBuild\
           r_cg_cgc.rel DefaultBuild\r_cg_cgc_user.rel DefaultBuild\r_cg
           _adc.rel DefaultBuild\r_cg_adc_user.rel DefaultBuild\r_cg_ser
           ial.rel DefaultBuild\r_cg_serial_user.rel DefaultBuild\r_cg_t
           imer.rel DefaultBuild\r_cg_timer_user.rel DefaultBuild\r_cg_i
           ntc.rel DefaultBuild\r_cg_intc_user.rel DefaultBuild\r_cg_por
           t.rel DefaultBuild\r_cg_port_user.rel DefaultBuild\Qapp.rel D
           efaultBuild\TM1650.rel DefaultBuild\handleKey.rel DefaultBuil
           d\taskHandler.rel DefaultBuild\temperature.rel DefaultBuild\r
           _cg_pclbuz.rel DefaultBuild\r_cg_pclbuz_user.rel DefaultBuild
           \EEPROM.rel DefaultBuild\Gesture.rel DefaultBuild\UserTimer.r
           el -bcl0ram.lib -bcl0rm.lib -bcl0rmf.lib -iC:\Program Files (
           x86)\Renesas Electronics\CS+\CACX\CA78K0R\V1.72\lib78k0r
Para-file:
Out-file:  DefaultBuild\Controller-Lux.lmf
Map-file:  DefaultBuild\Controller-Lux.map
Direc-file:
Directive:


*** Link information ***

    57 output segment(s)
 2D06H byte(s) real data
  2870 symbol(s) defined


*** Memory map ***


  SPACE=REGULAR

  MEMORY=ROM
  BASE ADDRESS=00000H   SIZE=08000H
         OUTPUT   INPUT    INPUT      BASE      SIZE
         SEGMENT  SEGMENT  MODULE     ADDRESS
         @@VECT00                     00000H    00002H  CSEG AT
                  @@VECT00 @cstart    00000H    00002H
         @@CNST                       00002H    00000H  CSEG UNITP
                  @@CNST   @cstart    00002H    00000H
                  @@CNST   r_main     00002H    00000H
                  @@CNST   r_systeminit
                                      00002H    00000H
                  @@CNST   r_cg_cgc   00002H    00000H
                  @@CNST   r_cg_cgc_user
                                      00002H    00000H
                  @@CNST   r_cg_adc   00002H    00000H
                  @@CNST   r_cg_adc_user
                                      00002H    00000H
                  @@CNST   r_cg_serial
                                      00002H    00000H
                  @@CNST   r_cg_serial_user
                                      00002H    00000H
                  @@CNST   r_cg_timer
                                      00002H    00000H
                  @@CNST   r_cg_timer_user
                                      00002H    00000H
                  @@CNST   r_cg_intc
                                      00002H    00000H
                  @@CNST   r_cg_intc_user
                                      00002H    00000H
                  @@CNST   r_cg_port
                                      00002H    00000H
                  @@CNST   r_cg_port_user
                                      00002H    00000H
                  @@CNST   Qapp       00002H    00000H
                  @@CNST   TM1650     00002H    00000H
                  @@CNST   handleKey
                                      00002H    00000H
                  @@CNST   taskHandler
                                      00002H    00000H
                  @@CNST   temperature
                                      00002H    00000H
                  @@CNST   r_cg_pclbuz
                                      00002H    00000H
                  @@CNST   r_cg_pclbuz_user
                                      00002H    00000H
                  @@CNST   EEPROM     00002H    00000H
                  @@CNST   Gesture    00002H    00000H
                  @@CNST   UserTimer
                                      00002H    00000H
         @@CNSTL                      00002H    00000H  CSEG PAGE64KP
                  @@CNSTL  @cstart    00002H    00000H
         @@CNSTL                      00002H    00000H  CSEG PAGE64KP
                  @@CNSTL  r_main     00002H    00000H
         @@CNSTL                      00002H    00000H  CSEG PAGE64KP
                  @@CNSTL  r_systeminit
                                      00002H    00000H
         @@CNSTL                      00002H    00000H  CSEG PAGE64KP
                  @@CNSTL  r_cg_cgc   00002H    00000H
         @@CNSTL                      00002H    00000H  CSEG PAGE64KP
                  @@CNSTL  r_cg_cgc_user
                                      00002H    00000H
         @@CNSTL                      00002H    00000H  CSEG PAGE64KP
                  @@CNSTL  r_cg_adc   00002H    00000H
         @@CNSTL                      00002H    00000H  CSEG PAGE64KP
                  @@CNSTL  r_cg_adc_user
                                      00002H    00000H
         @@CNSTL                      00002H    00000H  CSEG PAGE64KP
                  @@CNSTL  r_cg_serial
                                      00002H    00000H
         @@CNSTL                      00002H    00000H  CSEG PAGE64KP
                  @@CNSTL  r_cg_serial_user
                                      00002H    00000H
         @@CNSTL                      00002H    00000H  CSEG PAGE64KP
                  @@CNSTL  r_cg_timer
                                      00002H    00000H
         @@CNSTL                      00002H    00000H  CSEG PAGE64KP
                  @@CNSTL  r_cg_timer_user
                                      00002H    00000H
         @@CNSTL                      00002H    00000H  CSEG PAGE64KP
                  @@CNSTL  r_cg_intc
                                      00002H    00000H
         @@CNSTL                      00002H    00000H  CSEG PAGE64KP
                  @@CNSTL  r_cg_intc_user
                                      00002H    00000H
         @@CNSTL                      00002H    00000H  CSEG PAGE64KP
                  @@CNSTL  r_cg_port
                                      00002H    00000H
         @@CNSTL                      00002H    00000H  CSEG PAGE64KP
                  @@CNSTL  r_cg_port_user
                                      00002H    00000H
         @@CNSTL                      00002H    00000H  CSEG PAGE64KP
                  @@CNSTL  Qapp       00002H    00000H
         @@CNSTL                      00002H    00000H  CSEG PAGE64KP
                  @@CNSTL  TM1650     00002H    00000H
         @@CNSTL                      00002H    00000H  CSEG PAGE64KP
                  @@CNSTL  handleKey
                                      00002H    00000H
         @@CNSTL                      00002H    00000H  CSEG PAGE64KP
                  @@CNSTL  taskHandler
                                      00002H    00000H
         @@CNSTL                      00002H    00000H  CSEG PAGE64KP
                  @@CNSTL  temperature
                                      00002H    00000H
         @@CNSTL                      00002H    00000H  CSEG PAGE64KP
                  @@CNSTL  r_cg_pclbuz
                                      00002H    00000H
         @@CNSTL                      00002H    00000H  CSEG PAGE64KP
                  @@CNSTL  r_cg_pclbuz_user
                                      00002H    00000H
         @@CNSTL                      00002H    00000H  CSEG PAGE64KP
                  @@CNSTL  EEPROM     00002H    00000H
         @@CNSTL                      00002H    00000H  CSEG PAGE64KP
                  @@CNSTL  Gesture    00002H    00000H
         @@CNSTL                      00002H    00000H  CSEG PAGE64KP
                  @@CNSTL  UserTimer
                                      00002H    00000H
         @@RLINIT                     00002H    00000H  CSEG UNIT64KP
                  @@RLINIT @cstart    00002H    00000H
                  @@RLINIT r_main     00002H    00000H
                  @@RLINIT r_systeminit
                                      00002H    00000H
                  @@RLINIT r_cg_cgc   00002H    00000H
                  @@RLINIT r_cg_cgc_user
                                      00002H    00000H
                  @@RLINIT r_cg_adc   00002H    00000H
                  @@RLINIT r_cg_adc_user
                                      00002H    00000H
                  @@RLINIT r_cg_serial
                                      00002H    00000H
                  @@RLINIT r_cg_serial_user
                                      00002H    00000H
                  @@RLINIT r_cg_timer
                                      00002H    00000H
                  @@RLINIT r_cg_timer_user
                                      00002H    00000H
                  @@RLINIT r_cg_intc
                                      00002H    00000H
                  @@RLINIT r_cg_intc_user
                                      00002H    00000H
                  @@RLINIT r_cg_port
                                      00002H    00000H
                  @@RLINIT r_cg_port_user
                                      00002H    00000H
                  @@RLINIT Qapp       00002H    00000H
                  @@RLINIT TM1650     00002H    00000H
                  @@RLINIT handleKey
                                      00002H    00000H
                  @@RLINIT taskHandler
                                      00002H    00000H
                  @@RLINIT temperature
                                      00002H    00000H
                  @@RLINIT r_cg_pclbuz
                                      00002H    00000H
                  @@RLINIT r_cg_pclbuz_user
                                      00002H    00000H
                  @@RLINIT EEPROM     00002H    00000H
                  @@RLINIT Gesture    00002H    00000H
                  @@RLINIT UserTimer
                                      00002H    00000H
                  @@RLINIT @rom       00002H    00000H
         @@R_INIS                     00002H    00000H  CSEG UNIT64KP
                  @@R_INIS @cstart    00002H    00000H
                  @@R_INIS r_main     00002H    00000H
                  @@R_INIS r_systeminit
                                      00002H    00000H
                  @@R_INIS r_cg_cgc   00002H    00000H
                  @@R_INIS r_cg_cgc_user
                                      00002H    00000H
                  @@R_INIS r_cg_adc   00002H    00000H
                  @@R_INIS r_cg_adc_user
                                      00002H    00000H
                  @@R_INIS r_cg_serial
                                      00002H    00000H
                  @@R_INIS r_cg_serial_user
                                      00002H    00000H
                  @@R_INIS r_cg_timer
                                      00002H    00000H
                  @@R_INIS r_cg_timer_user
                                      00002H    00000H
                  @@R_INIS r_cg_intc
                                      00002H    00000H
                  @@R_INIS r_cg_intc_user
                                      00002H    00000H
                  @@R_INIS r_cg_port
                                      00002H    00000H
                  @@R_INIS r_cg_port_user
                                      00002H    00000H
                  @@R_INIS Qapp       00002H    00000H
                  @@R_INIS TM1650     00002H    00000H
                  @@R_INIS handleKey
                                      00002H    00000H
                  @@R_INIS taskHandler
                                      00002H    00000H
                  @@R_INIS temperature
                                      00002H    00000H
                  @@R_INIS r_cg_pclbuz
                                      00002H    00000H
                  @@R_INIS r_cg_pclbuz_user
                                      00002H    00000H
                  @@R_INIS EEPROM     00002H    00000H
                  @@R_INIS Gesture    00002H    00000H
                  @@R_INIS UserTimer
                                      00002H    00000H
                  @@R_INIS @rom       00002H    00000H
         @@CALT                       00002H    00000H  CSEG
                  @@CALT   @cstart    00002H    00000H
                  @@CALT   r_main     00002H    00000H
                  @@CALT   r_systeminit
                                      00002H    00000H
                  @@CALT   r_cg_cgc   00002H    00000H
                  @@CALT   r_cg_cgc_user
                                      00002H    00000H
                  @@CALT   r_cg_adc   00002H    00000H
                  @@CALT   r_cg_adc_user
                                      00002H    00000H
                  @@CALT   r_cg_serial
                                      00002H    00000H
                  @@CALT   r_cg_serial_user
                                      00002H    00000H
                  @@CALT   r_cg_timer
                                      00002H    00000H
                  @@CALT   r_cg_timer_user
                                      00002H    00000H
                  @@CALT   r_cg_intc
                                      00002H    00000H
                  @@CALT   r_cg_intc_user
                                      00002H    00000H
                  @@CALT   r_cg_port
                                      00002H    00000H
                  @@CALT   r_cg_port_user
                                      00002H    00000H
                  @@CALT   Qapp       00002H    00000H
                  @@CALT   TM1650     00002H    00000H
                  @@CALT   handleKey
                                      00002H    00000H
                  @@CALT   taskHandler
                                      00002H    00000H
                  @@CALT   temperature
                                      00002H    00000H
                  @@CALT   r_cg_pclbuz
                                      00002H    00000H
                  @@CALT   r_cg_pclbuz_user
                                      00002H    00000H
                  @@CALT   EEPROM     00002H    00000H
                  @@CALT   Gesture    00002H    00000H
                  @@CALT   UserTimer
                                      00002H    00000H
         ??NMIROM                     00002H    00002H  CSEG
* gap *                               00004H    00004H
         @@VECT08                     00008H    00006H  CSEG AT
                  @@VECT08 r_cg_intc_user
                                      00008H    00006H
* gap *                               0000EH    00006H
         @@VECT14                     00014H    00002H  CSEG AT
                  @@VECT14 r_cg_serial_user
                                      00014H    00002H
* gap *                               00016H    00008H
         @@VECT1E                     0001EH    00004H  CSEG AT
                  @@VECT1E r_cg_serial_user
                                      0001EH    00004H
* gap *                               00022H    00002H
         @@VECT24                     00024H    00004H  CSEG AT
                  @@VECT24 r_cg_serial_user
                                      00024H    00004H
* gap *                               00028H    00002H
         @@VECT2A                     0002AH    00002H  CSEG AT
                  @@VECT2A r_cg_serial_user
                                      0002AH    00002H
         @@VECT2C                     0002CH    00008H  CSEG AT
                  @@VECT2C r_cg_timer_user
                                      0002CH    00008H
         @@VECT34                     00034H    00002H  CSEG AT
                  @@VECT34 r_cg_adc_user
                                      00034H    00002H
* gap *                               00036H    0000EH
         @@VECT44                     00044H    00006H  CSEG AT
                  @@VECT44 r_cg_timer_user
                                      00044H    00006H
* gap *                               0004AH    00076H
         ?CSEGOB0                     000C0H    00004H  CSEG OPT_BYTE
         @@CODE                       000C4H    00000H  CSEG BASE
                  @@CODE   r_main     000C4H    00000H
                  @@CODE   r_systeminit
                                      000C4H    00000H
                  @@CODE   r_cg_cgc   000C4H    00000H
                  @@CODE   r_cg_cgc_user
                                      000C4H    00000H
                  @@CODE   r_cg_adc   000C4H    00000H
                  @@CODE   r_cg_adc_user
                                      000C4H    00000H
                  @@CODE   r_cg_serial
                                      000C4H    00000H
                  @@CODE   r_cg_serial_user
                                      000C4H    00000H
                  @@CODE   r_cg_timer
                                      000C4H    00000H
                  @@CODE   r_cg_timer_user
                                      000C4H    00000H
                  @@CODE   r_cg_intc
                                      000C4H    00000H
                  @@CODE   r_cg_intc_user
                                      000C4H    00000H
                  @@CODE   r_cg_port
                                      000C4H    00000H
                  @@CODE   r_cg_port_user
                                      000C4H    00000H
                  @@CODE   Qapp       000C4H    00000H
                  @@CODE   TM1650     000C4H    00000H
                  @@CODE   handleKey
                                      000C4H    00000H
                  @@CODE   taskHandler
                                      000C4H    00000H
                  @@CODE   temperature
                                      000C4H    00000H
                  @@CODE   r_cg_pclbuz
                                      000C4H    00000H
                  @@CODE   r_cg_pclbuz_user
                                      000C4H    00000H
                  @@CODE   EEPROM     000C4H    00000H
                  @@CODE   Gesture    000C4H    00000H
                  @@CODE   UserTimer
                                      000C4H    00000H
         ?CSEGSI                      000C4H    0000AH  CSEG
         ?OCDSTAD                     000CEH    0000AH  CSEG
         @@LCODE                      000D8H    00242H  CSEG BASE
                  @@LCODE  @cstart    000D8H    000ADH
                  @@LCODE  @imul      00185H    00011H
                  @@LCODE  @lmul      00196H    0002BH
                  @@LCODE  @cudiv     001C1H    00034H
                  @@LCODE  @curem     001F5H    00036H
                  @@LCODE  @ludiv     0022BH    0003FH
                  @@LCODE  @lurem     0026AH    0003CH
                  @@LCODE  @divuw     002A6H    00034H
                  @@LCODE  @ladd      002DAH    0000FH
                  @@LCODE  @lsub      002E9H    00012H
                  @@LCODE  @lursh     002FBH    0001FH
         @@BASE                       0031AH    00585H  CSEG BASE
                  @@BASE   r_main     0031AH    00000H
                  @@BASE   r_systeminit
                                      0031AH    00000H
                  @@BASE   r_cg_cgc   0031AH    00000H
                  @@BASE   r_cg_cgc_user
                                      0031AH    00000H
                  @@BASE   r_cg_adc   0031AH    00000H
                  @@BASE   r_cg_adc_user
                                      0031AH    00008H
                  @@BASE   r_cg_serial
                                      00322H    00000H
                  @@BASE   r_cg_serial_user
                                      00322H    002C4H
                  @@BASE   r_cg_timer
                                      005E6H    00000H
                  @@BASE   r_cg_timer_user
                                      005E6H    001E8H
                  @@BASE   r_cg_intc
                                      007CEH    00000H
                  @@BASE   r_cg_intc_user
                                      007CEH    000D1H
                  @@BASE   r_cg_port
                                      0089FH    00000H
                  @@BASE   r_cg_port_user
                                      0089FH    00000H
                  @@BASE   Qapp       0089FH    00000H
                  @@BASE   TM1650     0089FH    00000H
                  @@BASE   handleKey
                                      0089FH    00000H
                  @@BASE   taskHandler
                                      0089FH    00000H
                  @@BASE   temperature
                                      0089FH    00000H
                  @@BASE   r_cg_pclbuz
                                      0089FH    00000H
                  @@BASE   r_cg_pclbuz_user
                                      0089FH    00000H
                  @@BASE   EEPROM     0089FH    00000H
                  @@BASE   Gesture    0089FH    00000H
                  @@BASE   UserTimer
                                      0089FH    00000H
* gap *                               0089FH    00001H
         @@R_INIT                     008A0H    0016CH  CSEG UNIT64KP
                  @@R_INIT @cstart    008A0H    00000H
                  @@R_INIT r_main     008A0H    00000H
                  @@R_INIT r_systeminit
                                      008A0H    00000H
                  @@R_INIT r_cg_cgc   008A0H    00000H
                  @@R_INIT r_cg_cgc_user
                                      008A0H    00000H
                  @@R_INIT r_cg_adc   008A0H    00000H
                  @@R_INIT r_cg_adc_user
                                      008A0H    00000H
                  @@R_INIT r_cg_serial
                                      008A0H    00000H
                  @@R_INIT r_cg_serial_user
                                      008A0H    00002H
                  @@R_INIT r_cg_timer
                                      008A2H    00000H
                  @@R_INIT r_cg_timer_user
                                      008A2H    00002H
                  @@R_INIT r_cg_intc
                                      008A4H    00000H
                  @@R_INIT r_cg_intc_user
                                      008A4H    00000H
                  @@R_INIT r_cg_port
                                      008A4H    00000H
                  @@R_INIT r_cg_port_user
                                      008A4H    00000H
                  @@R_INIT Qapp       008A4H    000D0H
                  @@R_INIT TM1650     00974H    00000H
                  @@R_INIT handleKey
                                      00974H    00002H
                  @@R_INIT taskHandler
                                      00976H    00004H
                  @@R_INIT temperature
                                      0097AH    00084H
                  @@R_INIT r_cg_pclbuz
                                      009FEH    00000H
                  @@R_INIT r_cg_pclbuz_user
                                      009FEH    00000H
                  @@R_INIT EEPROM     009FEH    00000H
                  @@R_INIT Gesture    009FEH    00008H
                  @@R_INIT UserTimer
                                      00A06H    00006H
                  @@R_INIT @rom       00A0CH    00000H
         @@CODEL                      00A0CH    02335H  CSEG
                  @@CODEL  r_main     00A0CH    00023H
                  @@CODEL  r_systeminit
                                      00A2FH    00037H
                  @@CODEL  r_cg_cgc   00A66H    00017H
                  @@CODEL  r_cg_cgc_user
                                      00A7DH    00005H
                  @@CODEL  r_cg_adc   00A82H    000A2H
                  @@CODEL  r_cg_adc_user
                                      00B24H    00000H
                  @@CODEL  r_cg_serial
                                      00B24H    004E1H
                  @@CODEL  r_cg_serial_user
                                      01005H    00114H
                  @@CODEL  r_cg_timer
                                      01119H    002A5H
                  @@CODEL  r_cg_timer_user
                                      013BEH    00000H
                  @@CODEL  r_cg_intc
                                      013BEH    00092H
                  @@CODEL  r_cg_intc_user
                                      01450H    00000H
                  @@CODEL  r_cg_port
                                      01450H    00021H
                  @@CODEL  r_cg_port_user
                                      01471H    00000H
                  @@CODEL  Qapp       01471H    007DFH
                  @@CODEL  TM1650     01C50H    003ADH
                  @@CODEL  handleKey
                                      01FFDH    00000H
                  @@CODEL  taskHandler
                                      01FFDH    006FAH
                  @@CODEL  temperature
                                      026F7H    0043CH
                  @@CODEL  r_cg_pclbuz
                                      02B33H    00018H
                  @@CODEL  r_cg_pclbuz_user
                                      02B4BH    00000H
                  @@CODEL  EEPROM     02B4BH    00074H
                  @@CODEL  Gesture    02BBFH    00168H
                  @@CODEL  UserTimer
                                      02D27H    0001AH
         @@LCODEL                     02D41H    00060H  CSEG
                  @@LCODEL @stkinit   02D41H    00044H
                  @@LCODEL exit       02D85H    0001CH
* gap *                               02DA1H    0525FH

  MEMORY=RAM
  BASE ADDRESS=FF700H   SIZE=00900H
         OUTPUT   INPUT    INPUT      BASE      SIZE
         SEGMENT  SEGMENT  MODULE     ADDRESS
         @@DATA                       FF700H    001E8H  DSEG BASEP
                  @@DATA   @cstart    FF700H    000BAH
                  @@DATA   r_main     FF7BAH    00000H
                  @@DATA   r_systeminit
                                      FF7BAH    00000H
                  @@DATA   r_cg_cgc   FF7BAH    00000H
                  @@DATA   r_cg_cgc_user
                                      FF7BAH    00000H
                  @@DATA   r_cg_adc   FF7BAH    00000H
                  @@DATA   r_cg_adc_user
                                      FF7BAH    00000H
                  @@DATA   r_cg_serial
                                      FF7BAH    0002CH
                  @@DATA   r_cg_serial_user
                                      FF7E6H    00000H
                  @@DATA   r_cg_timer
                                      FF7E6H    00000H
                  @@DATA   r_cg_timer_user
                                      FF7E6H    00000H
                  @@DATA   r_cg_intc
                                      FF7E6H    00000H
                  @@DATA   r_cg_intc_user
                                      FF7E6H    00000H
                  @@DATA   r_cg_port
                                      FF7E6H    00000H
                  @@DATA   r_cg_port_user
                                      FF7E6H    00000H
                  @@DATA   Qapp       FF7E6H    0001CH
                  @@DATA   TM1650     FF802H    00010H
                  @@DATA   handleKey
                                      FF812H    00000H
                  @@DATA   taskHandler
                                      FF812H    00000H
                  @@DATA   temperature
                                      FF812H    00064H
                  @@DATA   r_cg_pclbuz
                                      FF876H    00000H
                  @@DATA   r_cg_pclbuz_user
                                      FF876H    00000H
                  @@DATA   EEPROM     FF876H    0000AH
                  @@DATA   Gesture    FF880H    00066H
                  @@DATA   UserTimer
                                      FF8E6H    00002H
                  @@DATA   @rom       FF8E8H    00000H
         @@INIT                       FF8E8H    0016CH  DSEG BASEP
                  @@INIT   @cstart    FF8E8H    00000H
                  @@INIT   r_main     FF8E8H    00000H
                  @@INIT   r_systeminit
                                      FF8E8H    00000H
                  @@INIT   r_cg_cgc   FF8E8H    00000H
                  @@INIT   r_cg_cgc_user
                                      FF8E8H    00000H
                  @@INIT   r_cg_adc   FF8E8H    00000H
                  @@INIT   r_cg_adc_user
                                      FF8E8H    00000H
                  @@INIT   r_cg_serial
                                      FF8E8H    00000H
                  @@INIT   r_cg_serial_user
                                      FF8E8H    00002H
                  @@INIT   r_cg_timer
                                      FF8EAH    00000H
                  @@INIT   r_cg_timer_user
                                      FF8EAH    00002H
                  @@INIT   r_cg_intc
                                      FF8ECH    00000H
                  @@INIT   r_cg_intc_user
                                      FF8ECH    00000H
                  @@INIT   r_cg_port
                                      FF8ECH    00000H
                  @@INIT   r_cg_port_user
                                      FF8ECH    00000H
                  @@INIT   Qapp       FF8ECH    000D0H
                  @@INIT   TM1650     FF9BCH    00000H
                  @@INIT   handleKey
                                      FF9BCH    00002H
                  @@INIT   taskHandler
                                      FF9BEH    00004H
                  @@INIT   temperature
                                      FF9C2H    00084H
                  @@INIT   r_cg_pclbuz
                                      FFA46H    00000H
                  @@INIT   r_cg_pclbuz_user
                                      FFA46H    00000H
                  @@INIT   EEPROM     FFA46H    00000H
                  @@INIT   Gesture    FFA46H    00008H
                  @@INIT   UserTimer
                                      FFA4EH    00006H
                  @@INIT   @rom       FFA54H    00000H
         @@INIS                       FFA54H    00000H  DSEG UNITP
                  @@INIS   @cstart    FFA54H    00000H
                  @@INIS   r_main     FFA54H    00000H
                  @@INIS   r_systeminit
                                      FFA54H    00000H
                  @@INIS   r_cg_cgc   FFA54H    00000H
                  @@INIS   r_cg_cgc_user
                                      FFA54H    00000H
                  @@INIS   r_cg_adc   FFA54H    00000H
                  @@INIS   r_cg_adc_user
                                      FFA54H    00000H
                  @@INIS   r_cg_serial
                                      FFA54H    00000H
                  @@INIS   r_cg_serial_user
                                      FFA54H    00000H
                  @@INIS   r_cg_timer
                                      FFA54H    00000H
                  @@INIS   r_cg_timer_user
                                      FFA54H    00000H
                  @@INIS   r_cg_intc
                                      FFA54H    00000H
                  @@INIS   r_cg_intc_user
                                      FFA54H    00000H
                  @@INIS   r_cg_port
                                      FFA54H    00000H
                  @@INIS   r_cg_port_user
                                      FFA54H    00000H
                  @@INIS   Qapp       FFA54H    00000H
                  @@INIS   TM1650     FFA54H    00000H
                  @@INIS   handleKey
                                      FFA54H    00000H
                  @@INIS   taskHandler
                                      FFA54H    00000H
                  @@INIS   temperature
                                      FFA54H    00000H
                  @@INIS   r_cg_pclbuz
                                      FFA54H    00000H
                  @@INIS   r_cg_pclbuz_user
                                      FFA54H    00000H
                  @@INIS   EEPROM     FFA54H    00000H
                  @@INIS   Gesture    FFA54H    00000H
                  @@INIS   UserTimer
                                      FFA54H    00000H
                  @@INIS   @rom       FFA54H    00000H
         @@DATS                       FFA54H    00000H  DSEG UNITP
                  @@DATS   @cstart    FFA54H    00000H
                  @@DATS   r_main     FFA54H    00000H
                  @@DATS   r_systeminit
                                      FFA54H    00000H
                  @@DATS   r_cg_cgc   FFA54H    00000H
                  @@DATS   r_cg_cgc_user
                                      FFA54H    00000H
                  @@DATS   r_cg_adc   FFA54H    00000H
                  @@DATS   r_cg_adc_user
                                      FFA54H    00000H
                  @@DATS   r_cg_serial
                                      FFA54H    00000H
                  @@DATS   r_cg_serial_user
                                      FFA54H    00000H
                  @@DATS   r_cg_timer
                                      FFA54H    00000H
                  @@DATS   r_cg_timer_user
                                      FFA54H    00000H
                  @@DATS   r_cg_intc
                                      FFA54H    00000H
                  @@DATS   r_cg_intc_user
                                      FFA54H    00000H
                  @@DATS   r_cg_port
                                      FFA54H    00000H
                  @@DATS   r_cg_port_user
                                      FFA54H    00000H
                  @@DATS   Qapp       FFA54H    00000H
                  @@DATS   TM1650     FFA54H    00000H
                  @@DATS   handleKey
                                      FFA54H    00000H
                  @@DATS   taskHandler
                                      FFA54H    00000H
                  @@DATS   temperature
                                      FFA54H    00000H
                  @@DATS   r_cg_pclbuz
                                      FFA54H    00000H
                  @@DATS   r_cg_pclbuz_user
                                      FFA54H    00000H
                  @@DATS   EEPROM     FFA54H    00000H
                  @@DATS   Gesture    FFA54H    00000H
                  @@DATS   UserTimer
                                      FFA54H    00000H
                  @@DATS   @rom       FFA54H    00000H
         @@INITL                      FFA54H    00000H  DSEG UNIT64KP
                  @@INITL  @cstart    FFA54H    00000H
                  @@INITL  r_main     FFA54H    00000H
                  @@INITL  r_systeminit
                                      FFA54H    00000H
                  @@INITL  r_cg_cgc   FFA54H    00000H
                  @@INITL  r_cg_cgc_user
                                      FFA54H    00000H
                  @@INITL  r_cg_adc   FFA54H    00000H
                  @@INITL  r_cg_adc_user
                                      FFA54H    00000H
                  @@INITL  r_cg_serial
                                      FFA54H    00000H
                  @@INITL  r_cg_serial_user
                                      FFA54H    00000H
                  @@INITL  r_cg_timer
                                      FFA54H    00000H
                  @@INITL  r_cg_timer_user
                                      FFA54H    00000H
                  @@INITL  r_cg_intc
                                      FFA54H    00000H
                  @@INITL  r_cg_intc_user
                                      FFA54H    00000H
                  @@INITL  r_cg_port
                                      FFA54H    00000H
                  @@INITL  r_cg_port_user
                                      FFA54H    00000H
                  @@INITL  Qapp       FFA54H    00000H
                  @@INITL  TM1650     FFA54H    00000H
                  @@INITL  handleKey
                                      FFA54H    00000H
                  @@INITL  taskHandler
                                      FFA54H    00000H
                  @@INITL  temperature
                                      FFA54H    00000H
                  @@INITL  r_cg_pclbuz
                                      FFA54H    00000H
                  @@INITL  r_cg_pclbuz_user
                                      FFA54H    00000H
                  @@INITL  EEPROM     FFA54H    00000H
                  @@INITL  Gesture    FFA54H    00000H
                  @@INITL  UserTimer
                                      FFA54H    00000H
                  @@INITL  @rom       FFA54H    00000H
         @@DATAL                      FFA54H    00000H  DSEG UNIT64KP
                  @@DATAL  @cstart    FFA54H    00000H
                  @@DATAL  r_main     FFA54H    00000H
                  @@DATAL  r_systeminit
                                      FFA54H    00000H
                  @@DATAL  r_cg_cgc   FFA54H    00000H
                  @@DATAL  r_cg_cgc_user
                                      FFA54H    00000H
                  @@DATAL  r_cg_adc   FFA54H    00000H
                  @@DATAL  r_cg_adc_user
                                      FFA54H    00000H
                  @@DATAL  r_cg_serial
                                      FFA54H    00000H
                  @@DATAL  r_cg_serial_user
                                      FFA54H    00000H
                  @@DATAL  r_cg_timer
                                      FFA54H    00000H
                  @@DATAL  r_cg_timer_user
                                      FFA54H    00000H
                  @@DATAL  r_cg_intc
                                      FFA54H    00000H
                  @@DATAL  r_cg_intc_user
                                      FFA54H    00000H
                  @@DATAL  r_cg_port
                                      FFA54H    00000H
                  @@DATAL  r_cg_port_user
                                      FFA54H    00000H
                  @@DATAL  Qapp       FFA54H    00000H
                  @@DATAL  TM1650     FFA54H    00000H
                  @@DATAL  handleKey
                                      FFA54H    00000H
                  @@DATAL  taskHandler
                                      FFA54H    00000H
                  @@DATAL  temperature
                                      FFA54H    00000H
                  @@DATAL  r_cg_pclbuz
                                      FFA54H    00000H
                  @@DATAL  r_cg_pclbuz_user
                                      FFA54H    00000H
                  @@DATAL  EEPROM     FFA54H    00000H
                  @@DATAL  Gesture    FFA54H    00000H
                  @@DATAL  UserTimer
                                      FFA54H    00000H
                  @@DATAL  @rom       FFA54H    00000H
         @@BITS                       FFA54H    00000H  BSEG
                  @@BITS   @cstart    FFA54H.0  00000H.0
                  @@BITS   r_main     FFA54H.0  00000H.0
                  @@BITS   r_systeminit
                                      FFA54H.0  00000H.0
                  @@BITS   r_cg_cgc   FFA54H.0  00000H.0
                  @@BITS   r_cg_cgc_user
                                      FFA54H.0  00000H.0
                  @@BITS   r_cg_adc   FFA54H.0  00000H.0
                  @@BITS   r_cg_adc_user
                                      FFA54H.0  00000H.0
                  @@BITS   r_cg_serial
                                      FFA54H.0  00000H.0
                  @@BITS   r_cg_serial_user
                                      FFA54H.0  00000H.0
                  @@BITS   r_cg_timer
                                      FFA54H.0  00000H.0
                  @@BITS   r_cg_timer_user
                                      FFA54H.0  00000H.0
                  @@BITS   r_cg_intc
                                      FFA54H.0  00000H.0
                  @@BITS   r_cg_intc_user
                                      FFA54H.0  00000H.0
                  @@BITS   r_cg_port
                                      FFA54H.0  00000H.0
                  @@BITS   r_cg_port_user
                                      FFA54H.0  00000H.0
                  @@BITS   Qapp       FFA54H.0  00000H.0
                  @@BITS   TM1650     FFA54H.0  00000H.0
                  @@BITS   handleKey
                                      FFA54H.0  00000H.0
                  @@BITS   taskHandler
                                      FFA54H.0  00000H.0
                  @@BITS   temperature
                                      FFA54H.0  00000H.0
                  @@BITS   r_cg_pclbuz
                                      FFA54H.0  00000H.0
                  @@BITS   r_cg_pclbuz_user
                                      FFA54H.0  00000H.0
                  @@BITS   EEPROM     FFA54H.0  00000H.0
                  @@BITS   Gesture    FFA54H.0  00000H.0
                  @@BITS   UserTimer
                                      FFA54H.0  00000H.0
* gap *                               FFA54H    00480H
         @@SEGREG                     FFED4H    00004H  DSEG AT
                  @@SEGREG @SEGREG    FFED4H    00004H
         @@RTARG0                     FFED8H    00008H  DSEG AT
                  @@RTARG0 @RTARG0    FFED8H    00008H
* gap *                               FFEE0H    00020H
* gap (Not Free Area) *               FFF00H    00100H


 Target chip : R5F10EGC
 Device file : V1.01
